C51 COMPILER V9.60.0.0   MAIN                                                              12/12/2021 20:23:12 PAGE 1   


C51 COMPILER V9.60.0.0, COMPILATION OF MODULE MAIN
OBJECT MODULE PLACED IN .\Objects\Main.obj
COMPILER INVOKED BY: C:\Keil_v5\C51\BIN\C51.EXE Main.c OPTIMIZE(8,SPEED) BROWSE DEBUG OBJECTEXTEND PRINT(.\Listings\Main
                    -.lst) TABS(2) OBJECT(.\Objects\Main.obj)

line level    source

   1          /* 
   2           * Created:   Mi Nov 17 2021
   3           * Processor: 80C31
   4           * Compiler:  Keil for 8051
   5           */
   6          
   7          #include <reg51.h>
   8          #include <stdio.h>
   9          
  10          //ablage der codes
  11          unsigned int codes[4][3] = {
  12            { 9, 0, 3 },
  13            { 2, 4, 7 },
  14            { 5, 1, 2 },
  15            { 1, 6, 3 }
  16          };
  17          
  18          sfr input = 0x90; //input equals Port 1
  19          sfr output = 0xA0; //output equals Port 2
  20          
  21          sbit led_true = P3^0;
  22          sbit led_false = P3^1;
  23          sbit input_submit = P3^2;
  24          sbit dip_submit = P3^3;
  25          
  26          unsigned int selected_index;
  27          unsigned int real_digit;
  28          unsigned int input_count;
  29          unsigned int error;
  30          
  31          void Pruefe();
  32          int HoleWert();
  33          
  34          void main()
  35          { 
  36   1        led_false = led_true = input_count = error = output = 0; //reset variables and outputs
  37   1      
  38   1        while (dip_submit); // stay here until code is submited
  39   1        selected_index = input >> 4; //return dip state
  40   1      
  41   1        while (1)
  42   1        {
  43   2          while (input_submit)
  44   2          {
  45   3            output = input; // set output to input
  46   3          }
  47   2          Pruefe(); // check if input was successful
  48   2        }
  49   1      }
  50          
  51          void Pruefe()
  52          { 
  53   1        if (output != HoleWert()) // increment error count if code wrong
  54   1          error = 1; 
C51 COMPILER V9.60.0.0   MAIN                                                              12/12/2021 20:23:12 PAGE 2   

  55   1      
  56   1        if (input_count == 2)
  57   1        {
  58   2          led_false = error;
  59   2          led_true = ~error;
  60   2          
  61   2          while (1); // stay here forever
  62   2        }
  63   1        
  64   1        input_count++; // increment input count
  65   1        while (!input_submit); //wait until submit released
  66   1      }
  67          
  68          int HoleWert()
  69          {
  70   1        return codes[selected_index][input_count];
  71   1      }


MODULE INFORMATION:   STATIC OVERLAYABLE
   CODE SIZE        =    122    ----
   CONSTANT SIZE    =   ----    ----
   XDATA SIZE       =   ----    ----
   PDATA SIZE       =   ----    ----
   DATA SIZE        =     32    ----
   IDATA SIZE       =   ----    ----
   BIT SIZE         =   ----    ----
END OF MODULE INFORMATION.


C51 COMPILATION COMPLETE.  0 WARNING(S),  0 ERROR(S)
