C51 COMPILER V9.60.0.0   MAIN                                                              12/15/2021 21:03:00 PAGE 1   


C51 COMPILER V9.60.0.0, COMPILATION OF MODULE MAIN
OBJECT MODULE PLACED IN .\Objects\Main.obj
COMPILER INVOKED BY: C:\Keil_v5\C51\BIN\C51.EXE Main.c OPTIMIZE(8,SPEED) BROWSE DEBUG OBJECTEXTEND PRINT(.\Listings\Main
                    -.lst) TABS(2) OBJECT(.\Objects\Main.obj)

line level    source

   1          /* 
   2           * Created:   Mi Nov 17 2021
   3           * Processor: 80C31
   4           * Compiler:  Keil for 8051
   5           */
   6          
   7          #include <reg51.h>
   8          #include <stdio.h>
   9          
  10          //ablage der codes
  11          unsigned int codes[4][3] = {
  12              { 9, 0, 3 },
  13              { 2, 4, 7 },
  14              { 5, 1, 2 },
  15              { 1, 6, 3 }
  16          };
  17          
  18          sfr input = 0x90;    // input equals port 1
  19          sfr output = 0xA0;     // output equals port 2
  20          
  21          sbit led_true = P3^0;
  22          sbit led_false = P3^1;
  23          sbit input_submit = P3^2;
  24          sbit dip_submit = P3^3;
  25          
  26          unsigned int selected_index;
  27          unsigned int real_digit;
  28          unsigned int error;
  29          
  30          void main()
  31          { 
  32   1          unsigned int i;
  33   1          led_false = led_true = error = output = 0; // reset everything
  34   1      
  35   1          while (dip_submit);         // stay here until code is submited
  36   1          selected_index = input >> 4;     //return dip state
  37   1      
  38   1          for(i = 0; i < (sizeof(codes[selected_index]) / sizeof(int)); i++)
  39   1          {
  40   2              while (input_submit)
  41   2              {
  42   3                  output = input & 0x0F; // set output to input
  43   3              }
  44   2              
  45   2              if (output != codes[selected_index][i]) // increment error count if code is wrong
  46   2                  error = 1;
  47   2          
  48   2              while (!input_submit);     // wait until submit released
  49   2          }
  50   1          
  51   1          led_false = error;
  52   1          led_true = !error;
  53   1              
  54   1          while (1); // stay here forever
C51 COMPILER V9.60.0.0   MAIN                                                              12/15/2021 21:03:00 PAGE 2   

  55   1      }


MODULE INFORMATION:   STATIC OVERLAYABLE
   CODE SIZE        =     97    ----
   CONSTANT SIZE    =   ----    ----
   XDATA SIZE       =   ----    ----
   PDATA SIZE       =   ----    ----
   DATA SIZE        =     30    ----
   IDATA SIZE       =   ----    ----
   BIT SIZE         =   ----    ----
END OF MODULE INFORMATION.


C51 COMPILATION COMPLETE.  0 WARNING(S),  0 ERROR(S)
